Using pre-set license
Built from '2023.1/release' branch; Version is '2023.1.22f1 (c1416845ad01) revision 12665192'; Using compiler version '192829333'; Build Type 'Release'
OS: 'Windows 11  (10.0.26200) 64bit Core' Language: 'en' Physical Memory: 7381 MB
BatchMode: 1, IsHumanControllingUs: 0, StartBugReporterOnCrash: 0, Is64bit: 1, IsPro: 1

COMMAND LINE ARGUMENTS:
C:\Program Files\Unity\Hub\Editor\2023.1.22f1\Editor\Unity.exe
-adb2
-batchMode
-noUpm
-name
AssetImportWorker8
-projectPath
C:/Users/dhack/Documents/GitHub/PixelUniverse
-logFile
Logs/AssetImportWorker8.log
-srvPort
55836
Successfully changed project path to: C:/Users/dhack/Documents/GitHub/PixelUniverse
C:/Users/dhack/Documents/GitHub/PixelUniverse
[UnityMemory] Configuration Parameters - Can be set up in boot.config
    "memorysetup-bucket-allocator-granularity=16"
    "memorysetup-bucket-allocator-bucket-count=8"
    "memorysetup-bucket-allocator-block-size=33554432"
    "memorysetup-bucket-allocator-block-count=8"
    "memorysetup-main-allocator-block-size=16777216"
    "memorysetup-thread-allocator-block-size=16777216"
    "memorysetup-gfx-main-allocator-block-size=16777216"
    "memorysetup-gfx-thread-allocator-block-size=16777216"
    "memorysetup-cache-allocator-block-size=4194304"
    "memorysetup-typetree-allocator-block-size=2097152"
    "memorysetup-profiler-bucket-allocator-granularity=16"
    "memorysetup-profiler-bucket-allocator-bucket-count=8"
    "memorysetup-profiler-bucket-allocator-block-size=33554432"
    "memorysetup-profiler-bucket-allocator-block-count=8"
    "memorysetup-profiler-allocator-block-size=16777216"
    "memorysetup-profiler-editor-allocator-block-size=1048576"
    "memorysetup-temp-allocator-size-main=16777216"
    "memorysetup-job-temp-allocator-block-size=2097152"
    "memorysetup-job-temp-allocator-block-size-background=1048576"
    "memorysetup-job-temp-allocator-reduction-small-platforms=262144"
    "memorysetup-allocator-temp-initial-block-size-main=262144"
    "memorysetup-allocator-temp-initial-block-size-worker=262144"
    "memorysetup-temp-allocator-size-background-worker=32768"
    "memorysetup-temp-allocator-size-job-worker=262144"
    "memorysetup-temp-allocator-size-preload-manager=33554432"
    "memorysetup-temp-allocator-size-nav-mesh-worker=65536"
    "memorysetup-temp-allocator-size-audio-worker=65536"
    "memorysetup-temp-allocator-size-cloud-worker=32768"
    "memorysetup-temp-allocator-size-gi-baking-worker=262144"
    "memorysetup-temp-allocator-size-gfx=262144"
Player connection [44472] Host "[IP] 10.2.0.2 [Port] 0 [Flags] 2 [Guid] 3033808266 [EditorId] 3033808266 [Version] 1048832 [Id] WindowsEditor(7,Windows11_XTR65) [Debug] 1 [PackageName] WindowsEditor [ProjectName] Editor" joined multi-casting on [225.0.0.222:54997]...

Player connection [44472] Host "[IP] 10.2.0.2 [Port] 0 [Flags] 2 [Guid] 3033808266 [EditorId] 3033808266 [Version] 1048832 [Id] WindowsEditor(7,Windows11_XTR65) [Debug] 1 [PackageName] WindowsEditor [ProjectName] Editor" joined alternative multi-casting on [225.0.0.222:34997]...

[Physics::Module] Initialized MultithreadedJobDispatcher with 11 workers.
Library Redirect Path: Library/Refreshing native plugins compatible for Editor in 119.73 ms, found 12 plugins.
Preloading 1 native plugins for Editor in 28.32 ms.
Initialize engine version: 2023.1.22f1 (c1416845ad01)
[Subsystems] Discovering subsystems at path C:/Program Files/Unity/Hub/Editor/2023.1.22f1/Editor/Data/Resources/UnitySubsystems
[Subsystems] Discovering subsystems at path C:/Users/dhack/Documents/GitHub/PixelUniverse/Assets
GfxDevice: creating device client; threaded=0; jobified=0
Direct3D:
    Version:  Direct3D 11.0 [level 11.1]
    Renderer: AMD Radeon(TM) RX 6550M (ID=0x743f)
    Vendor:   ATI
    VRAM:     4050 MB
    Driver:   32.0.21001.9024
Initialize mono
Mono path[0] = 'C:/Program Files/Unity/Hub/Editor/2023.1.22f1/Editor/Data/Managed'
Mono path[1] = 'C:/Program Files/Unity/Hub/Editor/2023.1.22f1/Editor/Data/MonoBleedingEdge/lib/mono/unityjit-win32'
Mono config path = 'C:/Program Files/Unity/Hub/Editor/2023.1.22f1/Editor/Data/MonoBleedingEdge/etc'
Using monoOptions --debugger-agent=transport=dt_socket,embedding=1,server=y,suspend=n,address=127.0.0.1:56964
Begin MonoManager ReloadAssembly
C:\build\output\Unity-Technologies\mono\mono\metadata\icall.c:1842:
C:\build\output\Unity-Technologies\mono\mono\metadata\icall.c:1842:
C:\build\output\Unity-Technologies\mono\mono\metadata\icall.c:1842:
C:\build\output\Unity-Technologies\mono\mono\metadata\icall.c:1842:
C:\build\output\Unity-Technologies\mono\mono\metadata\icall.c:1842:
C:\build\output\Unity-Technologies\mono\mono\metadata\icall.c:1842:
C:\build\output\Unity-Technologies\mono\mono\metadata\icall.c:1842:
C:\build\output\Unity-Technologies\mono\mono\metadata\icall.c:1842:
C:\build\output\Unity-Technologies\mono\mono\metadata\icall.c:1842:
C:\build\output\Unity-Technologies\mono\mono\metadata\icall.c:1842:
Registering precompiled unity dll's ...
Register platform support module: C:/Program Files/Unity/Hub/Editor/2023.1.22f1/Editor/Data/PlaybackEngines/WindowsStandaloneSupport/UnityEditor.WindowsStandalone.Extensions.dll
Register platform support module: C:/Program Files/Unity/Hub/Editor/2023.1.22f1/Editor/Data/PlaybackEngines/AndroidPlayer/UnityEditor.Android.Extensions.dll
Registered in 0.008043 seconds.
- Loaded All Assemblies, in  0.579 seconds
Native extension for Android target not found
Android Extension - Scanning For ADB Devices 751 ms
Native extension for WindowsStandalone target not found
Mono: successfully reloaded assembly
C:\build\output\Unity-Technologies\mono\mono\metadata\icall.c:1842:
C:\build\output\Unity-Technologies\mono\mono\metadata\icall.c:1842:
- Finished resetting the current domain, in  1.211 seconds
Domain Reload Profiling: 1788ms
	BeginReloadAssembly (231ms)
		ExecutionOrderSort (0ms)
		DisableScriptedObjects (0ms)
		BackupInstance (0ms)
		ReleaseScriptingObjects (0ms)
		CreateAndSetChildDomain (4ms)
	RebuildCommonClasses (49ms)
	RebuildNativeTypeToScriptingClass (10ms)
	initialDomainReloadingComplete (69ms)
	LoadAllAssembliesAndSetupDomain (217ms)
		LoadAssemblies (223ms)
		RebuildTransferFunctionScriptingTraits (0ms)
		AnalyzeDomain (208ms)
			TypeCache.Refresh (206ms)
				TypeCache.ScanAssembly (188ms)
			ScanForSourceGeneratedMonoScriptInfo (1ms)
			ResolveRequiredComponents (1ms)
	FinalizeReload (1212ms)
		ReleaseScriptCaches (0ms)
		RebuildScriptCaches (0ms)
		SetupLoadedEditorAssemblies (1158ms)
			LogAssemblyErrors (0ms)
			InitializePlatformSupportModulesInManaged (907ms)
			SetLoadedEditorAssemblies (4ms)
			BeforeProcessingInitializeOnLoad (11ms)
			ProcessInitializeOnLoadAttributes (163ms)
			ProcessInitializeOnLoadMethodAttributes (74ms)
			AfterProcessingInitializeOnLoad (0ms)
			EditorAssembliesLoaded (0ms)
		ExecutionOrderSort2 (0ms)
		AwakeInstancesAfterBackupRestoration (0ms)
========================================================================
Worker process is ready to serve import requests
Import Worker Mode flag is 0x00
Begin MonoManager ReloadAssembly
C:\build\output\Unity-Technologies\mono\mono\metadata\icall.c:1842:
C:\build\output\Unity-Technologies\mono\mono\metadata\icall.c:1842:
C:\build\output\Unity-Technologies\mono\mono\metadata\icall.c:1842:
C:\build\output\Unity-Technologies\mono\mono\metadata\icall.c:1842:
C:\build\output\Unity-Technologies\mono\mono\metadata\icall.c:1842:
C:\build\output\Unity-Technologies\mono\mono\metadata\icall.c:1842:
C:\build\output\Unity-Technologies\mono\mono\metadata\icall.c:1842:
C:\build\output\Unity-Technologies\mono\mono\metadata\icall.c:1842:
C:\build\output\Unity-Technologies\mono\mono\metadata\icall.c:1842:
C:\build\output\Unity-Technologies\mono\mono\metadata\icall.c:1842:
C:\build\output\Unity-Technologies\mono\mono\metadata\icall.c:1842:
C:\build\output\Unity-Technologies\mono\mono\metadata\icall.c:1842:
Symbol file LoadedFromMemory doesn't match image C:\Users\dhack\Documents\GitHub\PixelUniverse\Library\PackageCache\com.unity.visualscripting@1.8.0\Editor\VisualScripting.Core\Dependencies\YamlDotNet\Unity.VisualScripting.YamlDotNet.dll
Symbol file LoadedFromMemory doesn't match image C:\Users\dhack\Documents\GitHub\PixelUniverse\Library\PackageCache\com.unity.visualscripting@1.8.0\Editor\VisualScripting.Core\Dependencies\DotNetZip\Unity.VisualScripting.IonicZip.dll
- Loaded All Assemblies, in  1.355 seconds
Refreshing native plugins compatible for Editor in 32.29 ms, found 12 plugins.
Native extension for Android target not found
Native extension for WindowsStandalone target not found
System.Reflection.TargetInvocationException: Exception has been thrown by the target of an invocation. ---> System.NullReferenceException: Object reference not set to an instance of an object
  at Unity.XR.Oculus.OculusLoader.AssetPathToAbsolutePath (System.String assetPath) [0x0003d] in .\Library\PackageCache\com.unity.xr.oculus@4.1.2\Runtime\OculusLoader.cs:287 
  at Unity.XR.Oculus.OculusLoader.EditorLoadOVRPlugin () [0x00084] in .\Library\PackageCache\com.unity.xr.oculus@4.1.2\Runtime\OculusLoader.cs:272 
  at (wrapper managed-to-native) System.Reflection.RuntimeMethodInfo.InternalInvoke(System.Reflection.RuntimeMethodInfo,object,object[],System.Exception&)
  at System.Reflection.RuntimeMethodInfo.Invoke (System.Object obj, System.Reflection.BindingFlags invokeAttr, System.Reflection.Binder binder, System.Object[] parameters, System.Globalization.CultureInfo culture) [0x0006a] in <cb3602b5bf2148caa08db7780ec02b19>:0 
   --- End of inner exception stack trace ---
  at System.Reflection.RuntimeMethodInfo.Invoke (System.Object obj, System.Reflection.BindingFlags invokeAttr, System.Reflection.Binder binder, System.Object[] parameters, System.Globalization.CultureInfo culture) [0x00083] in <cb3602b5bf2148caa08db7780ec02b19>:0 
  at System.Reflection.MethodBase.Invoke (System.Object obj, System.Object[] parameters) [0x00000] in <cb3602b5bf2148caa08db7780ec02b19>:0 
  at UnityEditor.EditorAssemblies.ProcessInitializeOnLoadMethodAttributes () [0x00056] in <376f43f3329c444db4613258b017d5db>:0 
UnityEngine.StackTraceUtility:ExtractStackTrace ()
UnityEngine.DebugLogHandler:Internal_Log (UnityEngine.LogType,UnityEngine.LogOption,string,UnityEngine.Object)
UnityEngine.DebugLogHandler:LogFormat (UnityEngine.LogType,UnityEngine.Object,string,object[])
UnityEngine.Logger:Log (UnityEngine.LogType,object)
UnityEngine.Debug:LogError (object)
UnityEditor.EditorAssemblies:ProcessInitializeOnLoadMethodAttributes ()

Mono: successfully reloaded assembly
Package Manager log level set to [2]
[Package Manager] Failed to launch server process. Reason: Unity was launched with the -noUpm command-line argument
[Package Manager] Unable to send message (not connected to server process).
[Package Manager] Cannot connect to Unity Package Manager local server
[Package Manager] Failed to launch server process. Reason: Unity was launched with the -noUpm command-line argument
[Package Manager] Unable to send message (not connected to server process).
[Package Manager] Cannot connect to Unity Package Manager local server
- Finished resetting the current domain, in  1.024 seconds
Domain Reload Profiling: 2373ms
	BeginReloadAssembly (406ms)
		ExecutionOrderSort (0ms)
		DisableScriptedObjects (7ms)
		BackupInstance (0ms)
		ReleaseScriptingObjects (0ms)
		CreateAndSetChildDomain (44ms)
	RebuildCommonClasses (38ms)
	RebuildNativeTypeToScriptingClass (12ms)
	initialDomainReloadingComplete (42ms)
	LoadAllAssembliesAndSetupDomain (850ms)
		LoadAssemblies (562ms)
		RebuildTransferFunctionScriptingTraits (0ms)
		AnalyzeDomain (420ms)
			TypeCache.Refresh (382ms)
				TypeCache.ScanAssembly (369ms)
			ScanForSourceGeneratedMonoScriptInfo (32ms)
			ResolveRequiredComponents (5ms)
	FinalizeReload (1024ms)
		ReleaseScriptCaches (0ms)
		RebuildScriptCaches (0ms)
		SetupLoadedEditorAssemblies (794ms)
			LogAssemblyErrors (0ms)
			InitializePlatformSupportModulesInManaged (27ms)
			SetLoadedEditorAssemblies (4ms)
			BeforeProcessingInitializeOnLoad (99ms)
			ProcessInitializeOnLoadAttributes (589ms)
			ProcessInitializeOnLoadMethodAttributes (71ms)
			AfterProcessingInitializeOnLoad (5ms)
			EditorAssembliesLoaded (0ms)
		ExecutionOrderSort2 (0ms)
		AwakeInstancesAfterBackupRestoration (10ms)
Launched and connected shader compiler UnityShaderCompiler.exe after 0.07 seconds
Refreshing native plugins compatible for Editor in 18.95 ms, found 12 plugins.
Preloading 1 native plugins for Editor in 0.11 ms.
Unloading 5030 Unused Serialized files (Serialized files now loaded: 0)
Unloading 89 unused Assets / (129.6 KB). Loaded Objects now: 5575.
Memory consumption went from 181.7 MB to 181.6 MB.
Total: 7.390800 ms (FindLiveObjects: 0.443800 ms CreateObjectMapping: 0.296500 ms MarkObjects: 6.081800 ms  DeleteObjects: 0.567300 ms)

AssetImportParameters requested are different than current active one (requested -> active):
  custom:video-decoder-webm-vp8: 9c59270c3fd7afecdb556c50c9e8de78 -> 
  custom:SearchIndexIgnoredProperties: e643bd26f0fe6173181afceb89e7c659 -> 
  custom:audio-encoder-webm-vorbis: bf7c407c2cedff20999df2af8eb42d56 -> 
  custom:AudioImporter_EditorPlatform: d09bf68614088b80899f8185d706f6e7 -> 
  custom:audio-decoder-ogg-vorbis: bf7c407c2cedff20999df2af8eb42d56 -> 
  custom:video-encoder-webm-vp8: eb34c28f22e8b96e1ab97ce403110664 -> 
  custom:container-demuxer-ogg: 62fdf1f143b41e24485cea50d1cbac27 -> 
  custom:framework-win-MediaFoundation: 216162199b28c13a410421893ffa2e32 -> 
  custom:video-decoder-ogg-theora: a1e56fd34408186e4bbccfd4996cb3dc -> 
  custom:container-muxer-webm: aa71ff27fc2769a1b78a27578f13a17b -> 
  custom:CustomObjectIndexerAttribute: 756ad292c208cfabdd7b50bc23989ffe -> 
  custom:container-demuxer-webm: 4f35f7cbe854078d1ac9338744f61a02 -> 
========================================================================
Received Import Request.
  Time since last request: 140087.582578 seconds.
  path: Assets/Models
  artifactKey: Guid(1748e0e8de887574a9a8bbfe3f8dc88b) Importer(815301076,1909f56bfc062723c751e8b465ee728b)
Start importing Assets/Models using Guid(1748e0e8de887574a9a8bbfe3f8dc88b) Importer(815301076,1909f56bfc062723c751e8b465ee728b)  -> (artifact id: '814874354faab2ccf47ef710d4e61909') in 0.008728 seconds
Number of updated asset objects reloaded before import = 0
Number of asset objects unloaded after import = 0
========================================================================
Received Import Request.
  Time since last request: 0.047877 seconds.
  path: Assets/Models/Audio.prefab
  artifactKey: Guid(9b5c77451015b18469e717fe47528076) Importer(815301076,1909f56bfc062723c751e8b465ee728b)
Start importing Assets/Models/Audio.prefab using Guid(9b5c77451015b18469e717fe47528076) Importer(815301076,1909f56bfc062723c751e8b465ee728b)  -> (artifact id: 'd4ea455b5b705a73c144c9843a54a549') in 0.062507 seconds
Number of updated asset objects reloaded before import = 0
Number of asset objects unloaded after import = 7
========================================================================
Received Import Request.
  Time since last request: 0.000131 seconds.
  path: Assets/Models/Basics In Behavior Student.fbx
  artifactKey: Guid(0e3206293a0448447b7161a36296ca82) Importer(815301076,1909f56bfc062723c751e8b465ee728b)
Start importing Assets/Models/Basics In Behavior Student.fbx using Guid(0e3206293a0448447b7161a36296ca82) Importer(815301076,1909f56bfc062723c751e8b465ee728b)  -> (artifact id: 'bae1e70676eef73e33a6e2a4fb1a3f95') in 0.489494 seconds
Number of updated asset objects reloaded before import = 0
Number of asset objects unloaded after import = 150
========================================================================
Received Import Request.
  Time since last request: 0.000054 seconds.
  path: Assets/Models/EntityBody.prefab
  artifactKey: Guid(9199cdebff60c9845aabdc973c1d7013) Importer(815301076,1909f56bfc062723c751e8b465ee728b)
Start importing Assets/Models/EntityBody.prefab using Guid(9199cdebff60c9845aabdc973c1d7013) Importer(815301076,1909f56bfc062723c751e8b465ee728b)  -> (artifact id: '39c4431d81f89e733a493dd96ccaa7cd') in 0.009610 seconds
Number of updated asset objects reloaded before import = 0
Number of asset objects unloaded after import = 44
========================================================================
Received Import Request.
  Time since last request: 0.000038 seconds.
  path: Assets/Models/TV.fbx
  artifactKey: Guid(bca3dd03e9964764ba8cdb931f984fe2) Importer(815301076,1909f56bfc062723c751e8b465ee728b)
Start importing Assets/Models/TV.fbx using Guid(bca3dd03e9964764ba8cdb931f984fe2) Importer(815301076,1909f56bfc062723c751e8b465ee728b)  -> (artifact id: '1cd9f0360c153091b2951559c2213126') in 0.105403 seconds
Number of updated asset objects reloaded before import = 0
Number of asset objects unloaded after import = 35
========================================================================
Received Import Request.
  Time since last request: 0.000037 seconds.
  path: Assets/Models/tree1.asset
  artifactKey: Guid(c3578ab808c7af146b46233bd28adbf8) Importer(815301076,1909f56bfc062723c751e8b465ee728b)
Start importing Assets/Models/tree1.asset using Guid(c3578ab808c7af146b46233bd28adbf8) Importer(815301076,1909f56bfc062723c751e8b465ee728b)  -> (artifact id: '73a845759956149a88d1169e9cc6649a') in 0.021450 seconds
Number of updated asset objects reloaded before import = 0
Number of asset objects unloaded after import = 2
========================================================================
Received Import Request.
  Time since last request: 0.000287 seconds.
  path: Assets/Models/Material.003.mat
  artifactKey: Guid(088212fbcd7f5f14fb63fc771019a042) Importer(815301076,1909f56bfc062723c751e8b465ee728b)
Start importing Assets/Models/Material.003.mat using Guid(088212fbcd7f5f14fb63fc771019a042) Importer(815301076,1909f56bfc062723c751e8b465ee728b)  -> (artifact id: '58f28f1f23d49234d075c380e4e5d61b') in 0.014729 seconds
Number of updated asset objects reloaded before import = 0
Number of asset objects unloaded after import = 1
========================================================================
Received Import Request.
  Time since last request: 0.000081 seconds.
  path: Assets/Models/longsword 1.asset
  artifactKey: Guid(77fe90ad091cea644979997cdcd49ac8) Importer(815301076,1909f56bfc062723c751e8b465ee728b)
Start importing Assets/Models/longsword 1.asset using Guid(77fe90ad091cea644979997cdcd49ac8) Importer(815301076,1909f56bfc062723c751e8b465ee728b)  -> (artifact id: '29230aae50d788099d5e02fb0aa23183') in 0.026514 seconds
Number of updated asset objects reloaded before import = 0
Number of asset objects unloaded after import = 2
========================================================================
Received Import Request.
  Time since last request: 0.000041 seconds.
  path: Assets/Models/EntityLeft.prefab
  artifactKey: Guid(8fe53a9214f09c844b47c5df9059fc90) Importer(815301076,1909f56bfc062723c751e8b465ee728b)
Start importing Assets/Models/EntityLeft.prefab using Guid(8fe53a9214f09c844b47c5df9059fc90) Importer(815301076,1909f56bfc062723c751e8b465ee728b)  -> (artifact id: 'a2e1e16561197f3dcf7fea57fee35c2b') in 0.002742 seconds
Number of updated asset objects reloaded before import = 0
Number of asset objects unloaded after import = 29
========================================================================
Received Import Request.
  Time since last request: 0.000021 seconds.
  path: Assets/Models/pb_Mesh911807.asset
  artifactKey: Guid(ff9f6981b8b43f548882c9cc91df7131) Importer(815301076,1909f56bfc062723c751e8b465ee728b)
Start importing Assets/Models/pb_Mesh911807.asset using Guid(ff9f6981b8b43f548882c9cc91df7131) Importer(815301076,1909f56bfc062723c751e8b465ee728b)  -> (artifact id: '3dbc4376b99ce6569a46c966d85aea57') in 0.015160 seconds
Number of updated asset objects reloaded before import = 0
Number of asset objects unloaded after import = 2
========================================================================
Received Import Request.
  Time since last request: 0.000121 seconds.
  path: Assets/Models/longsword.asset
  artifactKey: Guid(fe79f3e63059d2441a76c889e00f2749) Importer(815301076,1909f56bfc062723c751e8b465ee728b)
Start importing Assets/Models/longsword.asset using Guid(fe79f3e63059d2441a76c889e00f2749) Importer(815301076,1909f56bfc062723c751e8b465ee728b)  -> (artifact id: 'e6c4c809abce3e0df2761688d98c2e46') in 0.013457 seconds
Number of updated asset objects reloaded before import = 0
Number of asset objects unloaded after import = 2
========================================================================
Received Import Request.
  Time since last request: 0.000047 seconds.
  path: Assets/Models/EntityRight.prefab
  artifactKey: Guid(d0e05806c8c02654f97623a897c74dd9) Importer(815301076,1909f56bfc062723c751e8b465ee728b)
Start importing Assets/Models/EntityRight.prefab using Guid(d0e05806c8c02654f97623a897c74dd9) Importer(815301076,1909f56bfc062723c751e8b465ee728b)  -> (artifact id: '50447af23e79b642a7018d39d599ec0a') in 0.003158 seconds
Number of updated asset objects reloaded before import = 0
Number of asset objects unloaded after import = 29
========================================================================
Received Import Request.
  Time since last request: 0.000021 seconds.
  path: Assets/Models/mushroom.fbx
  artifactKey: Guid(6f284a55c679f1043af10b7b4276039d) Importer(815301076,1909f56bfc062723c751e8b465ee728b)
Start importing Assets/Models/mushroom.fbx using Guid(6f284a55c679f1043af10b7b4276039d) Importer(815301076,1909f56bfc062723c751e8b465ee728b)  -> (artifact id: 'b3e6cd2e69edfc3597bd5fecc38bf657') in 0.074796 seconds
Number of updated asset objects reloaded before import = 0
Number of asset objects unloaded after import = 34
========================================================================
Received Import Request.
  Time since last request: 0.000025 seconds.
  path: Assets/Models/RightHandCosmetics.prefab
  artifactKey: Guid(bab9398520cba49429a15e1846f43112) Importer(815301076,1909f56bfc062723c751e8b465ee728b)
Start importing Assets/Models/RightHandCosmetics.prefab using Guid(bab9398520cba49429a15e1846f43112) Importer(815301076,1909f56bfc062723c751e8b465ee728b)  -> (artifact id: '47fe9c5e6b9c209f682e20852219fee2') in 0.075120 seconds
Number of updated asset objects reloaded before import = 0
Number of asset objects unloaded after import = 570
========================================================================
Received Import Request.
  Time since last request: 0.000027 seconds.
  path: Assets/Models/Ears.prefab
  artifactKey: Guid(612c59d18eb1f6e4d80a2bc48a859fd1) Importer(815301076,1909f56bfc062723c751e8b465ee728b)
Start importing Assets/Models/Ears.prefab using Guid(612c59d18eb1f6e4d80a2bc48a859fd1) Importer(815301076,1909f56bfc062723c751e8b465ee728b)  -> (artifact id: 'dbc34df6c0e0732180c93f9b2542fdba') in 0.016433 seconds
Number of updated asset objects reloaded before import = 0
Number of asset objects unloaded after import = 117
========================================================================
Received Import Request.
  Time since last request: 0.000021 seconds.
  path: Assets/Models/monke64monkeXDXDXD.fbx
  artifactKey: Guid(511877fb99e0ec046952c5bb17c9f282) Importer(815301076,1909f56bfc062723c751e8b465ee728b)
Start importing Assets/Models/monke64monkeXDXDXD.fbx using Guid(511877fb99e0ec046952c5bb17c9f282) Importer(815301076,1909f56bfc062723c751e8b465ee728b)  -> (artifact id: '81e8b56ced49f9953175b9f5998aa430') in 0.115588 seconds
Number of updated asset objects reloaded before import = 0
Number of asset objects unloaded after import = 54
========================================================================
Received Import Request.
  Time since last request: 0.000034 seconds.
  path: Assets/Models/brokensorry.fbx
  artifactKey: Guid(26c67a5f4dc937d4fac2c037d2e60d0d) Importer(815301076,1909f56bfc062723c751e8b465ee728b)
Start importing Assets/Models/brokensorry.fbx using Guid(26c67a5f4dc937d4fac2c037d2e60d0d) Importer(815301076,1909f56bfc062723c751e8b465ee728b)  -> (artifact id: '13fa5b727448c90ee8db33430588992e') in 0.035275 seconds
Number of updated asset objects reloaded before import = 0
Number of asset objects unloaded after import = 9
========================================================================
Received Import Request.
  Time since last request: 0.000047 seconds.
  path: Assets/Models/banana1 1.asset
  artifactKey: Guid(eac1fc7ac3526a74ebcbf8693e9a00aa) Importer(815301076,1909f56bfc062723c751e8b465ee728b)
Start importing Assets/Models/banana1 1.asset using Guid(eac1fc7ac3526a74ebcbf8693e9a00aa) Importer(815301076,1909f56bfc062723c751e8b465ee728b)  -> (artifact id: 'fd3c73f86ce795971faf3a970c7a3377') in 0.020993 seconds
Number of updated asset objects reloaded before import = 0
Number of asset objects unloaded after import = 2
========================================================================
Received Import Request.
  Time since last request: 0.000044 seconds.
  path: Assets/Models/pumpkin.fbx
  artifactKey: Guid(1e1ab6ca2fa566e4aa5559a6ec4beed5) Importer(815301076,1909f56bfc062723c751e8b465ee728b)
Start importing Assets/Models/pumpkin.fbx using Guid(1e1ab6ca2fa566e4aa5559a6ec4beed5) Importer(815301076,1909f56bfc062723c751e8b465ee728b)  -> (artifact id: '1070ac425059651092136ba050c525ec') in 0.064818 seconds
Number of updated asset objects reloaded before import = 0
Number of asset objects unloaded after import = 22
========================================================================
Received Import Request.
  Time since last request: 0.000025 seconds.
  path: Assets/Models/RG_Cloud-06.asset
  artifactKey: Guid(32c288a3e431ce340a57328f857ee0b1) Importer(815301076,1909f56bfc062723c751e8b465ee728b)
Start importing Assets/Models/RG_Cloud-06.asset using Guid(32c288a3e431ce340a57328f857ee0b1) Importer(815301076,1909f56bfc062723c751e8b465ee728b)  -> (artifact id: 'e51dd58735494f506eae0dacd7646f3b') in 0.014255 seconds
Number of updated asset objects reloaded before import = 0
Number of asset objects unloaded after import = 2
========================================================================
Received Import Request.
  Time since last request: 0.000056 seconds.
  path: Assets/Models/RG_Cloud-08.asset
  artifactKey: Guid(95a44ed8c1a97444086e973f0a6a0aa0) Importer(815301076,1909f56bfc062723c751e8b465ee728b)
Start importing Assets/Models/RG_Cloud-08.asset using Guid(95a44ed8c1a97444086e973f0a6a0aa0) Importer(815301076,1909f56bfc062723c751e8b465ee728b)  -> (artifact id: '45826d8bfe2fe4da679683ab968d5364') in 0.014838 seconds
Number of updated asset objects reloaded before import = 0
Number of asset objects unloaded after import = 2
========================================================================
Received Import Request.
  Time since last request: 0.000068 seconds.
  path: Assets/Models/kewl stuff.prefab
  artifactKey: Guid(b193fa6841dbfe24d8b04d9c668cce9b) Importer(815301076,1909f56bfc062723c751e8b465ee728b)
Start importing Assets/Models/kewl stuff.prefab using Guid(b193fa6841dbfe24d8b04d9c668cce9b) Importer(815301076,1909f56bfc062723c751e8b465ee728b)  -> (artifact id: 'c85f34c25d06c816980391df906a9431') in 0.242469 seconds
Number of updated asset objects reloaded before import = 0
Number of asset objects unloaded after import = 3707
========================================================================
Received Import Request.
  Time since last request: 0.000033 seconds.
  path: Assets/Models/Material.002.mat
  artifactKey: Guid(79cff16c4c080df409e593cbafcfbc70) Importer(815301076,1909f56bfc062723c751e8b465ee728b)
Start importing Assets/Models/Material.002.mat using Guid(79cff16c4c080df409e593cbafcfbc70) Importer(815301076,1909f56bfc062723c751e8b465ee728b)  -> (artifact id: '3d8e69b7eac5c3f825eb1700061ec362') in 0.013849 seconds
Number of updated asset objects reloaded before import = 0
Number of asset objects unloaded after import = 1
========================================================================
Received Import Request.
  Time since last request: 0.000092 seconds.
  path: Assets/Models/RG_Cloud-05.asset
  artifactKey: Guid(4cb5a3626a0a3894685c607b60dfa626) Importer(815301076,1909f56bfc062723c751e8b465ee728b)
Start importing Assets/Models/RG_Cloud-05.asset using Guid(4cb5a3626a0a3894685c607b60dfa626) Importer(815301076,1909f56bfc062723c751e8b465ee728b)  -> (artifact id: 'b0e5d3d1b5ac6e99a5786af7c9f45d2a') in 0.016994 seconds
Number of updated asset objects reloaded before import = 0
Number of asset objects unloaded after import = 2
========================================================================
Received Import Request.
  Time since last request: 0.000033 seconds.
  path: Assets/Models/RG_Cloud-07.asset
  artifactKey: Guid(d4dc2602cae1ed043ab369eaad686c30) Importer(815301076,1909f56bfc062723c751e8b465ee728b)
Start importing Assets/Models/RG_Cloud-07.asset using Guid(d4dc2602cae1ed043ab369eaad686c30) Importer(815301076,1909f56bfc062723c751e8b465ee728b)  -> (artifact id: '56e29d7ae32815c4ebec361ebd183401') in 0.016833 seconds
Number of updated asset objects reloaded before import = 0
Number of asset objects unloaded after import = 2
========================================================================
Received Import Request.
  Time since last request: 0.000034 seconds.
  path: Assets/Models/Cylinder.prefab
  artifactKey: Guid(6bccb452a30f8c24bb8cb337ddfdcb66) Importer(815301076,1909f56bfc062723c751e8b465ee728b)
Start importing Assets/Models/Cylinder.prefab using Guid(6bccb452a30f8c24bb8cb337ddfdcb66) Importer(815301076,1909f56bfc062723c751e8b465ee728b)  -> (artifact id: '3adf20954bec2bd8994c5c549ada01b4') in 0.003999 seconds
Number of updated asset objects reloaded before import = 0
Number of asset objects unloaded after import = 10
========================================================================
Received Import Request.
  Time since last request: 0.000023 seconds.
  path: Assets/Models/sowman.fbx
  artifactKey: Guid(ad6dad1d76f214e44b83e968f1feda8e) Importer(815301076,1909f56bfc062723c751e8b465ee728b)
Start importing Assets/Models/sowman.fbx using Guid(ad6dad1d76f214e44b83e968f1feda8e) Importer(815301076,1909f56bfc062723c751e8b465ee728b)  -> (artifact id: '5bc1dfe0ae55315a9e35d670192b237a') in 0.196350 seconds
Number of updated asset objects reloaded before import = 0
Number of asset objects unloaded after import = 70
========================================================================
Received Import Request.
  Time since last request: 0.000026 seconds.
  path: Assets/Models/BodyCosmetics.prefab
  artifactKey: Guid(1d6a9e2463cb9cb4286378fab702a67d) Importer(815301076,1909f56bfc062723c751e8b465ee728b)
Start importing Assets/Models/BodyCosmetics.prefab using Guid(1d6a9e2463cb9cb4286378fab702a67d) Importer(815301076,1909f56bfc062723c751e8b465ee728b)  -> (artifact id: '797768f2b0501091facfa2d6d8c706bf') in 0.002721 seconds
Number of updated asset objects reloaded before import = 0
Number of asset objects unloaded after import = 24
Editor requested this worker to shutdown with reason: Scaling down because of idle timeout
AssetImportWorker is now disconnected from the server
Process exiting
Exiting without the bug reporter. Application will terminate with return code 0