Using pre-set license
Built from '2023.1/release' branch; Version is '2023.1.22f1 (c1416845ad01) revision 12665192'; Using compiler version '192829333'; Build Type 'Release'
OS: 'Windows 11  (10.0.26200) 64bit Core' Language: 'en' Physical Memory: 7381 MB
BatchMode: 1, IsHumanControllingUs: 0, StartBugReporterOnCrash: 0, Is64bit: 1, IsPro: 1

COMMAND LINE ARGUMENTS:
C:\Program Files\Unity\Hub\Editor\2023.1.22f1\Editor\Unity.exe
-adb2
-batchMode
-noUpm
-name
AssetImportWorker4
-projectPath
C:/Users/dhack/Documents/GitHub/PixelUniverse
-logFile
Logs/AssetImportWorker4.log
-srvPort
56489
Successfully changed project path to: C:/Users/dhack/Documents/GitHub/PixelUniverse
C:/Users/dhack/Documents/GitHub/PixelUniverse
[UnityMemory] Configuration Parameters - Can be set up in boot.config
    "memorysetup-bucket-allocator-granularity=16"
    "memorysetup-bucket-allocator-bucket-count=8"
    "memorysetup-bucket-allocator-block-size=33554432"
    "memorysetup-bucket-allocator-block-count=8"
    "memorysetup-main-allocator-block-size=16777216"
    "memorysetup-thread-allocator-block-size=16777216"
    "memorysetup-gfx-main-allocator-block-size=16777216"
    "memorysetup-gfx-thread-allocator-block-size=16777216"
    "memorysetup-cache-allocator-block-size=4194304"
    "memorysetup-typetree-allocator-block-size=2097152"
    "memorysetup-profiler-bucket-allocator-granularity=16"
    "memorysetup-profiler-bucket-allocator-bucket-count=8"
    "memorysetup-profiler-bucket-allocator-block-size=33554432"
    "memorysetup-profiler-bucket-allocator-block-count=8"
    "memorysetup-profiler-allocator-block-size=16777216"
    "memorysetup-profiler-editor-allocator-block-size=1048576"
    "memorysetup-temp-allocator-size-main=16777216"
    "memorysetup-job-temp-allocator-block-size=2097152"
    "memorysetup-job-temp-allocator-block-size-background=1048576"
    "memorysetup-job-temp-allocator-reduction-small-platforms=262144"
    "memorysetup-allocator-temp-initial-block-size-main=262144"
    "memorysetup-allocator-temp-initial-block-size-worker=262144"
    "memorysetup-temp-allocator-size-background-worker=32768"
    "memorysetup-temp-allocator-size-job-worker=262144"
    "memorysetup-temp-allocator-size-preload-manager=33554432"
    "memorysetup-temp-allocator-size-nav-mesh-worker=65536"
    "memorysetup-temp-allocator-size-audio-worker=65536"
    "memorysetup-temp-allocator-size-cloud-worker=32768"
    "memorysetup-temp-allocator-size-gi-baking-worker=262144"
    "memorysetup-temp-allocator-size-gfx=262144"
Player connection [34340] Host "[IP] 10.5.0.2 [Port] 0 [Flags] 2 [Guid] 2676532649 [EditorId] 2676532649 [Version] 1048832 [Id] WindowsEditor(7,Windows11_XTR65) [Debug] 1 [PackageName] WindowsEditor [ProjectName] Editor" joined multi-casting on [225.0.0.222:54997]...

Player connection [34340] Host "[IP] 10.5.0.2 [Port] 0 [Flags] 2 [Guid] 2676532649 [EditorId] 2676532649 [Version] 1048832 [Id] WindowsEditor(7,Windows11_XTR65) [Debug] 1 [PackageName] WindowsEditor [ProjectName] Editor" joined alternative multi-casting on [225.0.0.222:34997]...

[Physics::Module] Initialized MultithreadedJobDispatcher with 11 workers.
Library Redirect Path: Library/Refreshing native plugins compatible for Editor in 121.38 ms, found 15 plugins.
Preloading 1 native plugins for Editor in 27.74 ms.
Initialize engine version: 2023.1.22f1 (c1416845ad01)
[Subsystems] Discovering subsystems at path C:/Program Files/Unity/Hub/Editor/2023.1.22f1/Editor/Data/Resources/UnitySubsystems
[Subsystems] Discovering subsystems at path C:/Users/dhack/Documents/GitHub/PixelUniverse/Assets
GfxDevice: creating device client; threaded=0; jobified=0
Direct3D:
    Version:  Direct3D 11.0 [level 11.1]
    Renderer: AMD Radeon(TM) RX 6550M (ID=0x743f)
    Vendor:   ATI
    VRAM:     4050 MB
    Driver:   32.0.21001.9024
Initialize mono
Mono path[0] = 'C:/Program Files/Unity/Hub/Editor/2023.1.22f1/Editor/Data/Managed'
Mono path[1] = 'C:/Program Files/Unity/Hub/Editor/2023.1.22f1/Editor/Data/MonoBleedingEdge/lib/mono/unityjit-win32'
Mono config path = 'C:/Program Files/Unity/Hub/Editor/2023.1.22f1/Editor/Data/MonoBleedingEdge/etc'
Using monoOptions --debugger-agent=transport=dt_socket,embedding=1,server=y,suspend=n,address=127.0.0.1:56804
Begin MonoManager ReloadAssembly
C:\build\output\Unity-Technologies\mono\mono\metadata\icall.c:1842:
C:\build\output\Unity-Technologies\mono\mono\metadata\icall.c:1842:
C:\build\output\Unity-Technologies\mono\mono\metadata\icall.c:1842:
C:\build\output\Unity-Technologies\mono\mono\metadata\icall.c:1842:
C:\build\output\Unity-Technologies\mono\mono\metadata\icall.c:1842:
C:\build\output\Unity-Technologies\mono\mono\metadata\icall.c:1842:
C:\build\output\Unity-Technologies\mono\mono\metadata\icall.c:1842:
C:\build\output\Unity-Technologies\mono\mono\metadata\icall.c:1842:
C:\build\output\Unity-Technologies\mono\mono\metadata\icall.c:1842:
C:\build\output\Unity-Technologies\mono\mono\metadata\icall.c:1842:
Registering precompiled unity dll's ...
Register platform support module: C:/Program Files/Unity/Hub/Editor/2023.1.22f1/Editor/Data/PlaybackEngines/WindowsStandaloneSupport/UnityEditor.WindowsStandalone.Extensions.dll
Register platform support module: C:/Program Files/Unity/Hub/Editor/2023.1.22f1/Editor/Data/PlaybackEngines/AndroidPlayer/UnityEditor.Android.Extensions.dll
Registered in 0.010050 seconds.
- Loaded All Assemblies, in  0.823 seconds
Native extension for Android target not found
Android Extension - Scanning For ADB Devices 897 ms
Native extension for WindowsStandalone target not found
Mono: successfully reloaded assembly
C:\build\output\Unity-Technologies\mono\mono\metadata\icall.c:1842:
C:\build\output\Unity-Technologies\mono\mono\metadata\icall.c:1842:
- Finished resetting the current domain, in  1.485 seconds
Domain Reload Profiling: 2307ms
	BeginReloadAssembly (350ms)
		ExecutionOrderSort (0ms)
		DisableScriptedObjects (0ms)
		BackupInstance (0ms)
		ReleaseScriptingObjects (0ms)
		CreateAndSetChildDomain (6ms)
	RebuildCommonClasses (64ms)
	RebuildNativeTypeToScriptingClass (11ms)
	initialDomainReloadingComplete (100ms)
	LoadAllAssembliesAndSetupDomain (295ms)
		LoadAssemblies (336ms)
		RebuildTransferFunctionScriptingTraits (0ms)
		AnalyzeDomain (284ms)
			TypeCache.Refresh (281ms)
				TypeCache.ScanAssembly (258ms)
			ScanForSourceGeneratedMonoScriptInfo (2ms)
			ResolveRequiredComponents (1ms)
	FinalizeReload (1487ms)
		ReleaseScriptCaches (0ms)
		RebuildScriptCaches (0ms)
		SetupLoadedEditorAssemblies (1406ms)
			LogAssemblyErrors (0ms)
			InitializePlatformSupportModulesInManaged (1102ms)
			SetLoadedEditorAssemblies (6ms)
			BeforeProcessingInitializeOnLoad (13ms)
			ProcessInitializeOnLoadAttributes (197ms)
			ProcessInitializeOnLoadMethodAttributes (87ms)
			AfterProcessingInitializeOnLoad (0ms)
			EditorAssembliesLoaded (1ms)
		ExecutionOrderSort2 (0ms)
		AwakeInstancesAfterBackupRestoration (0ms)
========================================================================
Worker process is ready to serve import requests
Import Worker Mode flag is 0x00
Begin MonoManager ReloadAssembly
C:\build\output\Unity-Technologies\mono\mono\metadata\icall.c:1842:
C:\build\output\Unity-Technologies\mono\mono\metadata\icall.c:1842:
C:\build\output\Unity-Technologies\mono\mono\metadata\icall.c:1842:
C:\build\output\Unity-Technologies\mono\mono\metadata\icall.c:1842:
C:\build\output\Unity-Technologies\mono\mono\metadata\icall.c:1842:
C:\build\output\Unity-Technologies\mono\mono\metadata\icall.c:1842:
C:\build\output\Unity-Technologies\mono\mono\metadata\icall.c:1842:
C:\build\output\Unity-Technologies\mono\mono\metadata\icall.c:1842:
C:\build\output\Unity-Technologies\mono\mono\metadata\icall.c:1842:
C:\build\output\Unity-Technologies\mono\mono\metadata\icall.c:1842:
C:\build\output\Unity-Technologies\mono\mono\metadata\icall.c:1842:
C:\build\output\Unity-Technologies\mono\mono\metadata\icall.c:1842:
Symbol file LoadedFromMemory doesn't match image C:\Users\dhack\Documents\GitHub\PixelUniverse\Library\PackageCache\com.unity.visualscripting@1.8.0\Editor\VisualScripting.Core\Dependencies\YamlDotNet\Unity.VisualScripting.YamlDotNet.dll
Symbol file LoadedFromMemory doesn't match image C:\Users\dhack\Documents\GitHub\PixelUniverse\Library\PackageCache\com.unity.visualscripting@1.8.0\Editor\VisualScripting.Core\Dependencies\DotNetZip\Unity.VisualScripting.IonicZip.dll
- Loaded All Assemblies, in  1.998 seconds
Refreshing native plugins compatible for Editor in 92.41 ms, found 15 plugins.
Native extension for Android target not found
Native extension for WindowsStandalone target not found
System.Reflection.TargetInvocationException: Exception has been thrown by the target of an invocation. ---> System.NullReferenceException: Object reference not set to an instance of an object
  at Unity.XR.Oculus.OculusLoader.AssetPathToAbsolutePath (System.String assetPath) [0x0003d] in .\Library\PackageCache\com.unity.xr.oculus@4.1.2\Runtime\OculusLoader.cs:287 
  at Unity.XR.Oculus.OculusLoader.EditorLoadOVRPlugin () [0x00084] in .\Library\PackageCache\com.unity.xr.oculus@4.1.2\Runtime\OculusLoader.cs:272 
  at (wrapper managed-to-native) System.Reflection.RuntimeMethodInfo.InternalInvoke(System.Reflection.RuntimeMethodInfo,object,object[],System.Exception&)
  at System.Reflection.RuntimeMethodInfo.Invoke (System.Object obj, System.Reflection.BindingFlags invokeAttr, System.Reflection.Binder binder, System.Object[] parameters, System.Globalization.CultureInfo culture) [0x0006a] in <cb3602b5bf2148caa08db7780ec02b19>:0 
   --- End of inner exception stack trace ---
  at System.Reflection.RuntimeMethodInfo.Invoke (System.Object obj, System.Reflection.BindingFlags invokeAttr, System.Reflection.Binder binder, System.Object[] parameters, System.Globalization.CultureInfo culture) [0x00083] in <cb3602b5bf2148caa08db7780ec02b19>:0 
  at System.Reflection.MethodBase.Invoke (System.Object obj, System.Object[] parameters) [0x00000] in <cb3602b5bf2148caa08db7780ec02b19>:0 
  at UnityEditor.EditorAssemblies.ProcessInitializeOnLoadMethodAttributes () [0x00056] in <376f43f3329c444db4613258b017d5db>:0 
UnityEngine.StackTraceUtility:ExtractStackTrace ()
UnityEngine.DebugLogHandler:Internal_Log (UnityEngine.LogType,UnityEngine.LogOption,string,UnityEngine.Object)
UnityEngine.DebugLogHandler:LogFormat (UnityEngine.LogType,UnityEngine.Object,string,object[])
UnityEngine.Logger:Log (UnityEngine.LogType,object)
UnityEngine.Debug:LogError (object)
UnityEditor.EditorAssemblies:ProcessInitializeOnLoadMethodAttributes ()

Mono: successfully reloaded assembly
Package Manager log level set to [2]
[Package Manager] Failed to launch server process. Reason: Unity was launched with the -noUpm command-line argument
[Package Manager] Unable to send message (not connected to server process).
[Package Manager] Cannot connect to Unity Package Manager local server
[Package Manager] Failed to launch server process. Reason: Unity was launched with the -noUpm command-line argument
[Package Manager] Unable to send message (not connected to server process).
[Package Manager] Cannot connect to Unity Package Manager local server
- Finished resetting the current domain, in  1.868 seconds
Domain Reload Profiling: 3836ms
	BeginReloadAssembly (498ms)
		ExecutionOrderSort (0ms)
		DisableScriptedObjects (7ms)
		BackupInstance (0ms)
		ReleaseScriptingObjects (1ms)
		CreateAndSetChildDomain (60ms)
	RebuildCommonClasses (52ms)
	RebuildNativeTypeToScriptingClass (15ms)
	initialDomainReloadingComplete (66ms)
	LoadAllAssembliesAndSetupDomain (1337ms)
		LoadAssemblies (880ms)
		RebuildTransferFunctionScriptingTraits (0ms)
		AnalyzeDomain (612ms)
			TypeCache.Refresh (542ms)
				TypeCache.ScanAssembly (517ms)
			ScanForSourceGeneratedMonoScriptInfo (53ms)
			ResolveRequiredComponents (16ms)
	FinalizeReload (1869ms)
		ReleaseScriptCaches (0ms)
		RebuildScriptCaches (0ms)
		SetupLoadedEditorAssemblies (1395ms)
			LogAssemblyErrors (0ms)
			InitializePlatformSupportModulesInManaged (49ms)
			SetLoadedEditorAssemblies (9ms)
			BeforeProcessingInitializeOnLoad (184ms)
			ProcessInitializeOnLoadAttributes (1041ms)
			ProcessInitializeOnLoadMethodAttributes (103ms)
			AfterProcessingInitializeOnLoad (9ms)
			EditorAssembliesLoaded (0ms)
		ExecutionOrderSort2 (0ms)
		AwakeInstancesAfterBackupRestoration (13ms)
Launched and connected shader compiler UnityShaderCompiler.exe after 0.08 seconds
Refreshing native plugins compatible for Editor in 31.24 ms, found 15 plugins.
Preloading 1 native plugins for Editor in 0.17 ms.
Unloading 5497 Unused Serialized files (Serialized files now loaded: 0)
Unloading 143 unused Assets / (151.4 KB). Loaded Objects now: 5994.
Memory consumption went from 200.2 MB to 200.0 MB.
Total: 9.453300 ms (FindLiveObjects: 0.514000 ms CreateObjectMapping: 0.237600 ms MarkObjects: 8.318400 ms  DeleteObjects: 0.381500 ms)

AssetImportParameters requested are different than current active one (requested -> active):
  custom:video-decoder-webm-vp8: 9c59270c3fd7afecdb556c50c9e8de78 -> 
  custom:SearchIndexIgnoredProperties: e643bd26f0fe6173181afceb89e7c659 -> 
  custom:audio-encoder-webm-vorbis: bf7c407c2cedff20999df2af8eb42d56 -> 
  custom:AudioImporter_EditorPlatform: d09bf68614088b80899f8185d706f6e7 -> 
  custom:audio-decoder-ogg-vorbis: bf7c407c2cedff20999df2af8eb42d56 -> 
  custom:video-encoder-webm-vp8: eb34c28f22e8b96e1ab97ce403110664 -> 
  custom:container-demuxer-ogg: 62fdf1f143b41e24485cea50d1cbac27 -> 
  custom:framework-win-MediaFoundation: 216162199b28c13a410421893ffa2e32 -> 
  custom:video-decoder-ogg-theora: a1e56fd34408186e4bbccfd4996cb3dc -> 
  custom:container-muxer-webm: aa71ff27fc2769a1b78a27578f13a17b -> 
  custom:CustomObjectIndexerAttribute: 756ad292c208cfabdd7b50bc23989ffe -> 
  custom:container-demuxer-webm: 4f35f7cbe854078d1ac9338744f61a02 -> 
  custom:scripting/monoscript/fileName/Vibrations.cs: b61d81055b1010e702dd80576d8e537b -> 6600f7b457702492a10f49aa0a74c42f
========================================================================
Received Import Request.
  Time since last request: 62350.098755 seconds.
  path: Assets/Photon/PhotonUnityNetworking/Demos/Shared Assets/Skin/BoxOrange.png
  artifactKey: Guid(13548d8d0fcb5c44b8044ce08a99c697) Importer(815301076,1909f56bfc062723c751e8b465ee728b)
Start importing Assets/Photon/PhotonUnityNetworking/Demos/Shared Assets/Skin/BoxOrange.png using Guid(13548d8d0fcb5c44b8044ce08a99c697) Importer(815301076,1909f56bfc062723c751e8b465ee728b)  -> (artifact id: '04ba06df026f7d27e621c68c3c984442') in 0.076159 seconds
Number of updated asset objects reloaded before import = 0
Number of asset objects unloaded after import = 2
========================================================================
Received Import Request.
  Time since last request: 0.324851 seconds.
  path: Assets/Texture2D/Materials/Brick or Concrete... Anything solid/grid2.mat
  artifactKey: Guid(a4c231e436b47ff4f891c8845b6ed177) Importer(815301076,1909f56bfc062723c751e8b465ee728b)
Start importing Assets/Texture2D/Materials/Brick or Concrete... Anything solid/grid2.mat using Guid(a4c231e436b47ff4f891c8845b6ed177) Importer(815301076,1909f56bfc062723c751e8b465ee728b)  -> (artifact id: '1a954c9386570f1254fa1b5746b5d864') in 0.110798 seconds
Number of updated asset objects reloaded before import = 0
Number of asset objects unloaded after import = 2
========================================================================
Received Import Request.
  Time since last request: 578.536893 seconds.
  path: Assets/Green 3.mat
  artifactKey: Guid(b8fd5f841180f9a42955ad7ed18cd79b) Importer(815301076,1909f56bfc062723c751e8b465ee728b)
Start importing Assets/Green 3.mat using Guid(b8fd5f841180f9a42955ad7ed18cd79b) Importer(815301076,1909f56bfc062723c751e8b465ee728b)  -> (artifact id: '3e2232a4e24a0d4eb4ae3f88fc0050e7') in 0.502133 seconds
Number of updated asset objects reloaded before import = 0
Number of asset objects unloaded after import = 1
========================================================================
Received Prepare
Begin MonoManager ReloadAssembly
C:\build\output\Unity-Technologies\mono\mono\metadata\icall.c:1842:
C:\build\output\Unity-Technologies\mono\mono\metadata\icall.c:1842:
C:\build\output\Unity-Technologies\mono\mono\metadata\icall.c:1842:
C:\build\output\Unity-Technologies\mono\mono\metadata\icall.c:1842:
C:\build\output\Unity-Technologies\mono\mono\metadata\icall.c:1842:
C:\build\output\Unity-Technologies\mono\mono\metadata\icall.c:1842:
C:\build\output\Unity-Technologies\mono\mono\metadata\icall.c:1842:
C:\build\output\Unity-Technologies\mono\mono\metadata\icall.c:1842:
C:\build\output\Unity-Technologies\mono\mono\metadata\icall.c:1842:
C:\build\output\Unity-Technologies\mono\mono\metadata\icall.c:1842:
C:\build\output\Unity-Technologies\mono\mono\metadata\icall.c:1842:
C:\build\output\Unity-Technologies\mono\mono\metadata\icall.c:1842:
Symbol file LoadedFromMemory doesn't match image C:\Users\dhack\Documents\GitHub\PixelUniverse\Library\PackageCache\com.unity.visualscripting@1.8.0\Editor\VisualScripting.Core\Dependencies\YamlDotNet\Unity.VisualScripting.YamlDotNet.dll
Symbol file LoadedFromMemory doesn't match image C:\Users\dhack\Documents\GitHub\PixelUniverse\Library\PackageCache\com.unity.visualscripting@1.8.0\Editor\VisualScripting.Core\Dependencies\DotNetZip\Unity.VisualScripting.IonicZip.dll
- Loaded All Assemblies, in 10.827 seconds
Refreshing native plugins compatible for Editor in 111.87 ms, found 15 plugins.
Native extension for Android target not found
Native extension for WindowsStandalone target not found
System.Reflection.TargetInvocationException: Exception has been thrown by the target of an invocation. ---> System.NullReferenceException: Object reference not set to an instance of an object
  at Unity.XR.Oculus.OculusLoader.AssetPathToAbsolutePath (System.String assetPath) [0x0003d] in .\Library\PackageCache\com.unity.xr.oculus@4.1.2\Runtime\OculusLoader.cs:287 
  at Unity.XR.Oculus.OculusLoader.EditorLoadOVRPlugin () [0x00084] in .\Library\PackageCache\com.unity.xr.oculus@4.1.2\Runtime\OculusLoader.cs:272 
  at (wrapper managed-to-native) System.Reflection.RuntimeMethodInfo.InternalInvoke(System.Reflection.RuntimeMethodInfo,object,object[],System.Exception&)
  at System.Reflection.RuntimeMethodInfo.Invoke (System.Object obj, System.Reflection.BindingFlags invokeAttr, System.Reflection.Binder binder, System.Object[] parameters, System.Globalization.CultureInfo culture) [0x0006a] in <cb3602b5bf2148caa08db7780ec02b19>:0 
   --- End of inner exception stack trace ---
  at System.Reflection.RuntimeMethodInfo.Invoke (System.Object obj, System.Reflection.BindingFlags invokeAttr, System.Reflection.Binder binder, System.Object[] parameters, System.Globalization.CultureInfo culture) [0x00083] in <cb3602b5bf2148caa08db7780ec02b19>:0 
  at System.Reflection.MethodBase.Invoke (System.Object obj, System.Object[] parameters) [0x00000] in <cb3602b5bf2148caa08db7780ec02b19>:0 
  at UnityEditor.EditorAssemblies.ProcessInitializeOnLoadMethodAttributes () [0x00056] in <376f43f3329c444db4613258b017d5db>:0 
UnityEngine.StackTraceUtility:ExtractStackTrace ()
UnityEngine.DebugLogHandler:Internal_Log (UnityEngine.LogType,UnityEngine.LogOption,string,UnityEngine.Object)
UnityEngine.DebugLogHandler:LogFormat (UnityEngine.LogType,UnityEngine.Object,string,object[])
UnityEngine.Logger:Log (UnityEngine.LogType,object)
UnityEngine.Debug:LogError (object)
UnityEditor.EditorAssemblies:ProcessInitializeOnLoadMethodAttributes ()

Mono: successfully reloaded assembly
[Package Manager] Failed to launch server process. Reason: Unity was launched with the -noUpm command-line argument
[Package Manager] Unable to send message (not connected to server process).
[Package Manager] Cannot connect to Unity Package Manager local server
- Finished resetting the current domain, in 76.154 seconds
Domain Reload Profiling: 86977ms
	BeginReloadAssembly (8240ms)
		ExecutionOrderSort (0ms)
		DisableScriptedObjects (62ms)
		BackupInstance (0ms)
		ReleaseScriptingObjects (2ms)
		CreateAndSetChildDomain (659ms)
	RebuildCommonClasses (67ms)
	RebuildNativeTypeToScriptingClass (11ms)
	initialDomainReloadingComplete (59ms)
	LoadAllAssembliesAndSetupDomain (2444ms)
		LoadAssemblies (1522ms)
		RebuildTransferFunctionScriptingTraits (0ms)
		AnalyzeDomain (1221ms)
			TypeCache.Refresh (1075ms)
				TypeCache.ScanAssembly (757ms)
			ScanForSourceGeneratedMonoScriptInfo (136ms)
			ResolveRequiredComponents (9ms)
	FinalizeReload (76157ms)
		ReleaseScriptCaches (0ms)
		RebuildScriptCaches (0ms)
		SetupLoadedEditorAssemblies (1577ms)
			LogAssemblyErrors (0ms)
			InitializePlatformSupportModulesInManaged (112ms)
			SetLoadedEditorAssemblies (18ms)
			BeforeProcessingInitializeOnLoad (340ms)
			ProcessInitializeOnLoadAttributes (956ms)
			ProcessInitializeOnLoadMethodAttributes (137ms)
			AfterProcessingInitializeOnLoad (10ms)
			EditorAssembliesLoaded (4ms)
		ExecutionOrderSort2 (0ms)
		AwakeInstancesAfterBackupRestoration (14ms)
Refreshing native plugins compatible for Editor in 42.21 ms, found 15 plugins.
Preloading 1 native plugins for Editor in 0.83 ms.
Unloading 5428 Unused Serialized files (Serialized files now loaded: 0)
Unloading 113 unused Assets / (120.5 KB). Loaded Objects now: 6040.
Memory consumption went from 189.7 MB to 189.6 MB.
Total: 19.195100 ms (FindLiveObjects: 0.960100 ms CreateObjectMapping: 0.353100 ms MarkObjects: 16.754900 ms  DeleteObjects: 1.125600 ms)

Prepare: number of updated asset objects reloaded= 0
AssetImportParameters requested are different than current active one (requested -> active):
  custom:video-decoder-webm-vp8: 9c59270c3fd7afecdb556c50c9e8de78 -> 
  custom:SearchIndexIgnoredProperties: e643bd26f0fe6173181afceb89e7c659 -> 
  custom:audio-encoder-webm-vorbis: bf7c407c2cedff20999df2af8eb42d56 -> 
  custom:AudioImporter_EditorPlatform: d09bf68614088b80899f8185d706f6e7 -> 
  custom:audio-decoder-ogg-vorbis: bf7c407c2cedff20999df2af8eb42d56 -> 
  custom:video-encoder-webm-vp8: eb34c28f22e8b96e1ab97ce403110664 -> 
  custom:container-demuxer-ogg: 62fdf1f143b41e24485cea50d1cbac27 -> 
  custom:framework-win-MediaFoundation: 216162199b28c13a410421893ffa2e32 -> 
  custom:video-decoder-ogg-theora: a1e56fd34408186e4bbccfd4996cb3dc -> 
  custom:container-muxer-webm: aa71ff27fc2769a1b78a27578f13a17b -> 
  custom:CustomObjectIndexerAttribute: 756ad292c208cfabdd7b50bc23989ffe -> 
  custom:container-demuxer-webm: 4f35f7cbe854078d1ac9338744f61a02 -> 
  custom:scripting/monoscript/fileName/Vibrations.cs: b61d81055b1010e702dd80576d8e537b -> 6600f7b457702492a10f49aa0a74c42f
========================================================================
Received Import Request.
  Time since last request: 215.803124 seconds.
  path: Assets/Photon/PhotonVoice/PhotonVoiceApi/PhotonVoice.API.asmdef
  artifactKey: Guid(8e3c55029ca641543bf030857af4d525) Importer(815301076,1909f56bfc062723c751e8b465ee728b)
Start importing Assets/Photon/PhotonVoice/PhotonVoiceApi/PhotonVoice.API.asmdef using Guid(8e3c55029ca641543bf030857af4d525) Importer(815301076,1909f56bfc062723c751e8b465ee728b)  -> (artifact id: 'a52f622bfd614fb296ae2062aa2ab13c') in 0.017147 seconds
Number of updated asset objects reloaded before import = 0
Number of asset objects unloaded after import = 0
========================================================================
Received Import Request.
  Time since last request: 634.693869 seconds.
  path: Assets/VideoClip/v12044gd0000d5hrak7og65mo9mvhpn0.mov
  artifactKey: Guid(24773cd1b11b52c4aaa5d4303bea8c57) Importer(815301076,1909f56bfc062723c751e8b465ee728b)
Start importing Assets/VideoClip/v12044gd0000d5hrak7og65mo9mvhpn0.mov using Guid(24773cd1b11b52c4aaa5d4303bea8c57) Importer(815301076,1909f56bfc062723c751e8b465ee728b)  -> (artifact id: '169e229886486a61fe2af0e8aed12f69') in 1.294705 seconds
Number of updated asset objects reloaded before import = 0
Number of asset objects unloaded after import = 1
========================================================================
Received Import Request.
  Time since last request: 32.525991 seconds.
  path: Assets/Green 3.mat
  artifactKey: Guid(b8fd5f841180f9a42955ad7ed18cd79b) Importer(815301076,1909f56bfc062723c751e8b465ee728b)
Start importing Assets/Green 3.mat using Guid(b8fd5f841180f9a42955ad7ed18cd79b) Importer(815301076,1909f56bfc062723c751e8b465ee728b)  -> (artifact id: '20630285617931f876a2fda73b4f147a') in 0.587244 seconds
Number of updated asset objects reloaded before import = 0
Number of asset objects unloaded after import = 1
========================================================================
Received Import Request.
  Time since last request: 3.712458 seconds.
  path: Assets/PhysicMaterials
  artifactKey: Guid(d09337745bd426e408031ec399080dcb) Importer(815301076,1909f56bfc062723c751e8b465ee728b)
Start importing Assets/PhysicMaterials using Guid(d09337745bd426e408031ec399080dcb) Importer(815301076,1909f56bfc062723c751e8b465ee728b)  -> (artifact id: '6c9bdad1b59eae2ad566128ed6299379') in 0.001881 seconds
Number of updated asset objects reloaded before import = 0
Number of asset objects unloaded after import = 0
========================================================================
Received Import Request.
  Time since last request: 0.024335 seconds.
  path: Assets/PhysicMaterials/bounce.physicMaterial
  artifactKey: Guid(733b1b6731d3a6845a1fabf9a549114c) Importer(815301076,1909f56bfc062723c751e8b465ee728b)
Start importing Assets/PhysicMaterials/bounce.physicMaterial using Guid(733b1b6731d3a6845a1fabf9a549114c) Importer(815301076,1909f56bfc062723c751e8b465ee728b)  -> (artifact id: 'f56120b8a1b4ad62f38eed2e81e26275') in 0.004735 seconds
Number of updated asset objects reloaded before import = 0
Number of asset objects unloaded after import = 1
========================================================================
Received Import Request.
  Time since last request: 0.007815 seconds.
  path: Assets/PhysicMaterials/slip.physicMaterial
  artifactKey: Guid(630661bbdb329e04bb52c60335121cf8) Importer(815301076,1909f56bfc062723c751e8b465ee728b)
Start importing Assets/PhysicMaterials/slip.physicMaterial using Guid(630661bbdb329e04bb52c60335121cf8) Importer(815301076,1909f56bfc062723c751e8b465ee728b)  -> (artifact id: '326110509fa09f9e0ae375843b3c77ad') in 0.002510 seconds
Number of updated asset objects reloaded before import = 0
Number of asset objects unloaded after import = 1
========================================================================
Received Import Request.
  Time since last request: 50.233755 seconds.
  path: Assets/Materials/New Material 9.mat
  artifactKey: Guid(9b179870947b35548982089c30148189) Importer(815301076,1909f56bfc062723c751e8b465ee728b)
Start importing Assets/Materials/New Material 9.mat using Guid(9b179870947b35548982089c30148189) Importer(815301076,1909f56bfc062723c751e8b465ee728b)  -> (artifact id: '0af0a49a55c6ab5178d008d92b789839') in 0.138955 seconds
Number of updated asset objects reloaded before import = 0
Number of asset objects unloaded after import = 2
========================================================================
Received Import Request.
  Time since last request: 46.738730 seconds.
  path: Assets/Charlie the Unicorn 1-5_ The Complete Series.mp4
  artifactKey: Guid(8485e62dcdf4dbf4aaa9eeca7c122fe5) Importer(815301076,1909f56bfc062723c751e8b465ee728b)
Start importing Assets/Charlie the Unicorn 1-5_ The Complete Series.mp4 using Guid(8485e62dcdf4dbf4aaa9eeca7c122fe5) Importer(815301076,1909f56bfc062723c751e8b465ee728b)  -> (artifact id: '7173721a73b70ea5366362115bdef765') in 0.011499 seconds
Number of updated asset objects reloaded before import = 0
Number of asset objects unloaded after import = 1
========================================================================
Received Import Request.
  Time since last request: 23.267439 seconds.
  path: Assets/VideoClip/miku 1.renderTexture
  artifactKey: Guid(66e7c14e02846f541b5f959b3792b399) Importer(815301076,1909f56bfc062723c751e8b465ee728b)
Start importing Assets/VideoClip/miku 1.renderTexture using Guid(66e7c14e02846f541b5f959b3792b399) Importer(815301076,1909f56bfc062723c751e8b465ee728b)  -> (artifact id: 'fafb7be1c9b32ff9f46673eb0890aa37') in 0.371167 seconds
Number of updated asset objects reloaded before import = 0
Number of asset objects unloaded after import = 2
========================================================================
Received Import Request.
  Time since last request: 217.810055 seconds.
  path: Assets/Green 4.mat
  artifactKey: Guid(95a887343fdf87b48a975cc6a5916d2d) Importer(815301076,1909f56bfc062723c751e8b465ee728b)
Start importing Assets/Green 4.mat using Guid(95a887343fdf87b48a975cc6a5916d2d) Importer(815301076,1909f56bfc062723c751e8b465ee728b)  -> (artifact id: 'd477e505375194b0273e2c93c60905e8') in 0.133016 seconds
Number of updated asset objects reloaded before import = 0
Number of asset objects unloaded after import = 1
========================================================================
Received Import Request.
  Time since last request: 16.066835 seconds.
  path: Assets/VideoClip/miku.renderTexture
  artifactKey: Guid(5bf03cd2b5d01cd4a957f09d89e83fcd) Importer(815301076,1909f56bfc062723c751e8b465ee728b)
Start importing Assets/VideoClip/miku.renderTexture using Guid(5bf03cd2b5d01cd4a957f09d89e83fcd) Importer(815301076,1909f56bfc062723c751e8b465ee728b)  -> (artifact id: '0cc3819ce77fe405160dcc8252e8e108') in 0.068386 seconds
Number of updated asset objects reloaded before import = 0
Number of asset objects unloaded after import = 2
========================================================================
Received Import Request.
  Time since last request: 61.448457 seconds.
  path: Assets/VideoClip/Materials
  artifactKey: Guid(995172d65717b7f4aa93a9c9a21568ea) Importer(815301076,1909f56bfc062723c751e8b465ee728b)
Start importing Assets/VideoClip/Materials using Guid(995172d65717b7f4aa93a9c9a21568ea) Importer(815301076,1909f56bfc062723c751e8b465ee728b)  -> (artifact id: '5cff55378a14d698ca3b0481c474f3a2') in 0.013535 seconds
Number of updated asset objects reloaded before import = 0
Number of asset objects unloaded after import = 0
========================================================================
Received Import Request.
  Time since last request: 3.558353 seconds.
  path: Assets/VideoClip/Materials/New Material.mat
  artifactKey: Guid(4859edc54d602724b86970b360b7cde1) Importer(815301076,1909f56bfc062723c751e8b465ee728b)
Start importing Assets/VideoClip/Materials/New Material.mat using Guid(4859edc54d602724b86970b360b7cde1) Importer(815301076,1909f56bfc062723c751e8b465ee728b)  -> (artifact id: '3064d5fd8199c1a36f7cfcde20b8f6bd') in 0.321340 seconds
Number of updated asset objects reloaded before import = 0
Number of asset objects unloaded after import = 1
========================================================================
Received Import Request.
  Time since last request: 66.551641 seconds.
  path: Assets/VideoClip/Materials/miku 1.mat
  artifactKey: Guid(6e0ed6b44ed5dcf46b50081586535620) Importer(815301076,1909f56bfc062723c751e8b465ee728b)
Start importing Assets/VideoClip/Materials/miku 1.mat using Guid(6e0ed6b44ed5dcf46b50081586535620) Importer(815301076,1909f56bfc062723c751e8b465ee728b)  -> (artifact id: '1e962cccea97e0bc8be8b38c901e96d7') in 1.018540 seconds
Number of updated asset objects reloaded before import = 0
Number of asset objects unloaded after import = 2
========================================================================
Received Import Request.
  Time since last request: 147.508287 seconds.
  path: Assets/Green 4.mat
  artifactKey: Guid(95a887343fdf87b48a975cc6a5916d2d) Importer(815301076,1909f56bfc062723c751e8b465ee728b)
Start importing Assets/Green 4.mat using Guid(95a887343fdf87b48a975cc6a5916d2d) Importer(815301076,1909f56bfc062723c751e8b465ee728b)  -> (artifact id: '7ab434b8d6dc62a048cd49fe844a07d4') in 0.030503 seconds
Number of updated asset objects reloaded before import = 0
Number of asset objects unloaded after import = 1
========================================================================
Received Import Request.
  Time since last request: 2.534914 seconds.
  path: Assets/Lighting
  artifactKey: Guid(bec259173a8adfa4a88445b66b3282e3) Importer(815301076,1909f56bfc062723c751e8b465ee728b)
Start importing Assets/Lighting using Guid(bec259173a8adfa4a88445b66b3282e3) Importer(815301076,1909f56bfc062723c751e8b465ee728b)  -> (artifact id: '0f94bdb1b532ed112bf0b809ac3c67a3') in 0.003665 seconds
Number of updated asset objects reloaded before import = 0
Number of asset objects unloaded after import = 0
========================================================================
Received Import Request.
  Time since last request: 0.462365 seconds.
  path: Assets/Materials/miku.mat
  artifactKey: Guid(e53ee9cc2c5d17b47acb873d379fcf72) Importer(815301076,1909f56bfc062723c751e8b465ee728b)
Start importing Assets/Materials/miku.mat using Guid(e53ee9cc2c5d17b47acb873d379fcf72) Importer(815301076,1909f56bfc062723c751e8b465ee728b)  -> (artifact id: '4679a01416a30f8eef251219eb23cb4e') in 0.026786 seconds
Number of updated asset objects reloaded before import = 0
Number of asset objects unloaded after import = 2
========================================================================
Received Import Request.
  Time since last request: 9.457476 seconds.
  path: Assets/Materials/New Material 4.mat
  artifactKey: Guid(ed0e5a29c37194348b705980e776a4a9) Importer(815301076,1909f56bfc062723c751e8b465ee728b)
Start importing Assets/Materials/New Material 4.mat using Guid(ed0e5a29c37194348b705980e776a4a9) Importer(815301076,1909f56bfc062723c751e8b465ee728b)  -> (artifact id: 'b650310eada8394f0663e8603e1c9b86') in 0.088700 seconds
Number of updated asset objects reloaded before import = 0
Number of asset objects unloaded after import = 3
========================================================================
Received Import Request.
  Time since last request: 4856.261864 seconds.
  path: Assets/New Material.mat
  artifactKey: Guid(fad7fb7cf264c58428fd64f22debf899) Importer(815301076,1909f56bfc062723c751e8b465ee728b)
Start importing Assets/New Material.mat using Guid(fad7fb7cf264c58428fd64f22debf899) Importer(815301076,1909f56bfc062723c751e8b465ee728b)  -> (artifact id: '0a274d7dd25df262db195169d33a8dc7') in 0.224280 seconds
Number of updated asset objects reloaded before import = 0
Number of asset objects unloaded after import = 1
========================================================================
Received Import Request.
  Time since last request: 110.131573 seconds.
  path: Assets/Texture2D/Materials/14684195806.mat
  artifactKey: Guid(d4b16367176166f45a6658f7df2c0089) Importer(815301076,1909f56bfc062723c751e8b465ee728b)
Start importing Assets/Texture2D/Materials/14684195806.mat using Guid(d4b16367176166f45a6658f7df2c0089) Importer(815301076,1909f56bfc062723c751e8b465ee728b)  -> (artifact id: '4073e9726c5b4e454451bf12a6a48dd4') in 0.202118 seconds
Number of updated asset objects reloaded before import = 0
Number of asset objects unloaded after import = 2
========================================================================
Received Import Request.
  Time since last request: 163.554155 seconds.
  path: Assets/Texture2D/Materials/14684195806.mat
  artifactKey: Guid(d4b16367176166f45a6658f7df2c0089) Importer(815301076,1909f56bfc062723c751e8b465ee728b)
Start importing Assets/Texture2D/Materials/14684195806.mat using Guid(d4b16367176166f45a6658f7df2c0089) Importer(815301076,1909f56bfc062723c751e8b465ee728b)  -> (artifact id: '57e9178f5544fd8a9036df6d3322f620') in 0.033032 seconds
Number of updated asset objects reloaded before import = 0
Number of asset objects unloaded after import = 2
========================================================================
Received Import Request.
  Time since last request: 195.368395 seconds.
  path: Assets/New Material.mat
  artifactKey: Guid(fad7fb7cf264c58428fd64f22debf899) Importer(815301076,1909f56bfc062723c751e8b465ee728b)
Start importing Assets/New Material.mat using Guid(fad7fb7cf264c58428fd64f22debf899) Importer(815301076,1909f56bfc062723c751e8b465ee728b)  -> (artifact id: '235665d52750ec6763ec649436d2cbf0') in 0.023724 seconds
Number of updated asset objects reloaded before import = 0
Number of asset objects unloaded after import = 1
========================================================================
Received Import Request.
  Time since last request: 20.039286 seconds.
  path: Assets/Materials/New Material.mat
  artifactKey: Guid(7c68a25b4a96a0e44b1774fae2924719) Importer(815301076,1909f56bfc062723c751e8b465ee728b)
Start importing Assets/Materials/New Material.mat using Guid(7c68a25b4a96a0e44b1774fae2924719) Importer(815301076,1909f56bfc062723c751e8b465ee728b)  -> (artifact id: 'db306973e3ead359df4770311081a5f3') in 0.057639 seconds
Number of updated asset objects reloaded before import = 0
Number of asset objects unloaded after import = 1
